// Jest Snapshot v1, https://goo.gl/fbAQLP

exports[`FilterSelector FilterSelector renders filter options 1`] = `<nav />`;
