// Jest Snapshot v1, https://goo.gl/fbAQLP

exports[`Export Export renders export icon and screen 1`] = `
<div>
  <a
    className="export-btn export-btn-"
    href="#"
    onClick={[Function]}
  >
    <span
      className="glyphicon glyphicon-camera"
    />
  </a>
  <div
    className="modal fade"
    id="screenshot-modal"
    role="dialog"
    tabIndex="-1"
  >
    <div
      className="modal-dialog"
      role="document"
    >
      <div
        className="modal-content"
      >
        <button
          aria-label="Close"
          className="close"
          data-dismiss="modal"
          type="button"
        >
          <span
            aria-hidden="true"
          >
            Ã—
          </span>
        </button>
        <div
          className="field-image"
        />
        <div
          className="modal-body"
        />
      </div>
    </div>
  </div>
</div>
`;
